Archive member included to satisfy reference by file (symbol)

c:/swstm32/plugins/fr.ac6.mcu.externaltools.arm-none.win32_1.17.0.201812190825/tools/compiler/bin/../lib/gcc/arm-none-eabi/7.3.1/../../../../arm-none-eabi/lib/thumb/v7e-m/fpv4-sp/hard\libc.a(lib_a-errno.o)
                              src/syscalls.o (__errno)
c:/swstm32/plugins/fr.ac6.mcu.externaltools.arm-none.win32_1.17.0.201812190825/tools/compiler/bin/../lib/gcc/arm-none-eabi/7.3.1/../../../../arm-none-eabi/lib/thumb/v7e-m/fpv4-sp/hard\libc.a(lib_a-exit.o)
                              c:/swstm32/plugins/fr.ac6.mcu.externaltools.arm-none.win32_1.17.0.201812190825/tools/compiler/bin/../lib/gcc/arm-none-eabi/7.3.1/../../../../arm-none-eabi/lib/thumb/v7e-m/fpv4-sp/hard/crt0.o (exit)
c:/swstm32/plugins/fr.ac6.mcu.externaltools.arm-none.win32_1.17.0.201812190825/tools/compiler/bin/../lib/gcc/arm-none-eabi/7.3.1/../../../../arm-none-eabi/lib/thumb/v7e-m/fpv4-sp/hard\libc.a(lib_a-impure.o)
                              c:/swstm32/plugins/fr.ac6.mcu.externaltools.arm-none.win32_1.17.0.201812190825/tools/compiler/bin/../lib/gcc/arm-none-eabi/7.3.1/../../../../arm-none-eabi/lib/thumb/v7e-m/fpv4-sp/hard\libc.a(lib_a-exit.o) (_global_impure_ptr)
c:/swstm32/plugins/fr.ac6.mcu.externaltools.arm-none.win32_1.17.0.201812190825/tools/compiler/bin/../lib/gcc/arm-none-eabi/7.3.1/../../../../arm-none-eabi/lib/thumb/v7e-m/fpv4-sp/hard\libc.a(lib_a-init.o)
                              c:/swstm32/plugins/fr.ac6.mcu.externaltools.arm-none.win32_1.17.0.201812190825/tools/compiler/bin/../lib/gcc/arm-none-eabi/7.3.1/../../../../arm-none-eabi/lib/thumb/v7e-m/fpv4-sp/hard/crt0.o (__libc_init_array)
c:/swstm32/plugins/fr.ac6.mcu.externaltools.arm-none.win32_1.17.0.201812190825/tools/compiler/bin/../lib/gcc/arm-none-eabi/7.3.1/../../../../arm-none-eabi/lib/thumb/v7e-m/fpv4-sp/hard\libc.a(lib_a-memset.o)
                              c:/swstm32/plugins/fr.ac6.mcu.externaltools.arm-none.win32_1.17.0.201812190825/tools/compiler/bin/../lib/gcc/arm-none-eabi/7.3.1/../../../../arm-none-eabi/lib/thumb/v7e-m/fpv4-sp/hard/crt0.o (memset)
c:/swstm32/plugins/fr.ac6.mcu.externaltools.arm-none.win32_1.17.0.201812190825/tools/compiler/bin/../lib/gcc/arm-none-eabi/7.3.1/../../../../arm-none-eabi/lib/thumb/v7e-m/fpv4-sp/hard\libc.a(lib_a-__call_atexit.o)
                              c:/swstm32/plugins/fr.ac6.mcu.externaltools.arm-none.win32_1.17.0.201812190825/tools/compiler/bin/../lib/gcc/arm-none-eabi/7.3.1/../../../../arm-none-eabi/lib/thumb/v7e-m/fpv4-sp/hard\libc.a(lib_a-exit.o) (__call_exitprocs)
c:/swstm32/plugins/fr.ac6.mcu.externaltools.arm-none.win32_1.17.0.201812190825/tools/compiler/bin/../lib/gcc/arm-none-eabi/7.3.1/../../../../arm-none-eabi/lib/thumb/v7e-m/fpv4-sp/hard\libc.a(lib_a-atexit.o)
                              c:/swstm32/plugins/fr.ac6.mcu.externaltools.arm-none.win32_1.17.0.201812190825/tools/compiler/bin/../lib/gcc/arm-none-eabi/7.3.1/../../../../arm-none-eabi/lib/thumb/v7e-m/fpv4-sp/hard\libc.a(lib_a-__call_atexit.o) (atexit)
c:/swstm32/plugins/fr.ac6.mcu.externaltools.arm-none.win32_1.17.0.201812190825/tools/compiler/bin/../lib/gcc/arm-none-eabi/7.3.1/../../../../arm-none-eabi/lib/thumb/v7e-m/fpv4-sp/hard\libc.a(lib_a-fini.o)
                              c:/swstm32/plugins/fr.ac6.mcu.externaltools.arm-none.win32_1.17.0.201812190825/tools/compiler/bin/../lib/gcc/arm-none-eabi/7.3.1/../../../../arm-none-eabi/lib/thumb/v7e-m/fpv4-sp/hard\libc.a(lib_a-__call_atexit.o) (__libc_fini_array)
c:/swstm32/plugins/fr.ac6.mcu.externaltools.arm-none.win32_1.17.0.201812190825/tools/compiler/bin/../lib/gcc/arm-none-eabi/7.3.1/../../../../arm-none-eabi/lib/thumb/v7e-m/fpv4-sp/hard\libc.a(lib_a-lock.o)
                              c:/swstm32/plugins/fr.ac6.mcu.externaltools.arm-none.win32_1.17.0.201812190825/tools/compiler/bin/../lib/gcc/arm-none-eabi/7.3.1/../../../../arm-none-eabi/lib/thumb/v7e-m/fpv4-sp/hard\libc.a(lib_a-__call_atexit.o) (__retarget_lock_acquire_recursive)
c:/swstm32/plugins/fr.ac6.mcu.externaltools.arm-none.win32_1.17.0.201812190825/tools/compiler/bin/../lib/gcc/arm-none-eabi/7.3.1/../../../../arm-none-eabi/lib/thumb/v7e-m/fpv4-sp/hard\libc.a(lib_a-__atexit.o)
                              c:/swstm32/plugins/fr.ac6.mcu.externaltools.arm-none.win32_1.17.0.201812190825/tools/compiler/bin/../lib/gcc/arm-none-eabi/7.3.1/../../../../arm-none-eabi/lib/thumb/v7e-m/fpv4-sp/hard\libc.a(lib_a-atexit.o) (__register_exitproc)

Allocating common symbols
Common symbol       size              file

__lock___atexit_recursive_mutex
                    0x1               c:/swstm32/plugins/fr.ac6.mcu.externaltools.arm-none.win32_1.17.0.201812190825/tools/compiler/bin/../lib/gcc/arm-none-eabi/7.3.1/../../../../arm-none-eabi/lib/thumb/v7e-m/fpv4-sp/hard\libc.a(lib_a-lock.o)
__lock___arc4random_mutex
[...]
Memory Configuration

Name             Origin             Length             Attributes
RAM              0x20000000         0x00030000         xrw
ROM              0x08000000         0x00200000         xr
*default*        0x00000000         0xffffffff

Linker script and memory map

LOAD c:/swstm32/plugins/fr.ac6.mcu.externaltools.arm-none.win32_1.17.0.201812190825/tools/compiler/bin/../lib/gcc/arm-none-eabi/7.3.1/thumb/v7e-m/fpv4-sp/hard/crti.o
LOAD c:/swstm32/plugins/fr.ac6.mcu.externaltools.arm-none.win32_1.17.0.201812190825/tools/compiler/bin/../lib/gcc/arm-none-eabi/7.3.1/thumb/v7e-m/fpv4-sp/hard/crtbegin.o
LOAD c:/swstm32/plugins/fr.ac6.mcu.externaltools.arm-none.win32_1.17.0.201812190825/tools/compiler/bin/../lib/gcc/arm-none-eabi/7.3.1/../../../../arm-none-eabi/lib/thumb/v7e-m/fpv4-sp/hard/crt0.o
LOAD StdPeriph_Driver/src/misc.o
LOAD StdPeriph_Driver/src/stm32f4xx_adc.o
LOAD StdPeriph_Driver/src/stm32f4xx_can.o
LOAD StdPeriph_Driver/src/stm32f4xx_cec.o
LOAD StdPeriph_Driver/src/stm32f4xx_crc.o
LOAD StdPeriph_Driver/src/stm32f4xx_cryp.o
LOAD StdPeriph_Driver/src/stm32f4xx_cryp_aes.o
LOAD StdPeriph_Driver/src/stm32f4xx_cryp_des.o
LOAD StdPeriph_Driver/src/stm32f4xx_cryp_tdes.o
LOAD StdPeriph_Driver/src/stm32f4xx_dac.o
LOAD StdPeriph_Driver/src/stm32f4xx_dbgmcu.o
LOAD StdPeriph_Driver/src/stm32f4xx_dcmi.o
LOAD StdPeriph_Driver/src/stm32f4xx_dfsdm.o
LOAD StdPeriph_Driver/src/stm32f4xx_dma.o
LOAD StdPeriph_Driver/src/stm32f4xx_dma2d.o
LOAD StdPeriph_Driver/src/stm32f4xx_dsi.o
LOAD StdPeriph_Driver/src/stm32f4xx_exti.o
LOAD StdPeriph_Driver/src/stm32f4xx_flash.o
LOAD StdPeriph_Driver/src/stm32f4xx_flash_ramfunc.o
LOAD StdPeriph_Driver/src/stm32f4xx_fmc.o
LOAD StdPeriph_Driver/src/stm32f4xx_fmip2c.o
LOAD StdPeriph_Driver/src/stm32f4xx_fsmc.o
LOAD StdPeriph_Driver/src/stm32f4xx_gpio.o
LOAD StdPeriph_Driver/src/stm32f4xx_hash.o
LOAD StdPeriph_Driver/src/stm32f4xx_hash_md5.o
LOAD StdPeriph_Driver/src/stm32f4xx_hash_sha1.o
LOAD StdPeriph_Driver/src/stm32f4xx_i2c.o
LOAD StdPeriph_Driver/src/stm32f4xx_iwdg.o
LOAD StdPeriph_Driver/src/stm32f4xx_lptim.o
LOAD StdPeriph_Driver/src/stm32f4xx_ltdc.o
LOAD StdPeriph_Driver/src/stm32f4xx_pwr.o
LOAD StdPeriph_Driver/src/stm32f4xx_qspi.o
LOAD StdPeriph_Driver/src/stm32f4xx_rcc.o
LOAD StdPeriph_Driver/src/stm32f4xx_rng.o
LOAD StdPeriph_Driver/src/stm32f4xx_rtc.o
LOAD StdPeriph_Driver/src/stm32f4xx_sai.o
LOAD StdPeriph_Driver/src/stm32f4xx_sdio.o
LOAD StdPeriph_Driver/src/stm32f4xx_spdifrx.o
LOAD StdPeriph_Driver/src/stm32f4xx_spi.o
LOAD StdPeriph_Driver/src/stm32f4xx_syscfg.o
LOAD StdPeriph_Driver/src/stm32f4xx_tim.o
LOAD StdPeriph_Driver/src/stm32f4xx_usart.o
LOAD StdPeriph_Driver/src/stm32f4xx_wwdg.o
LOAD src/LEDS.o
LOAD src/delay.o
LOAD src/main.o
LOAD src/syscalls.o
LOAD src/system.o
LOAD src/system_stm32f4xx.o
LOAD src/usart.o
LOAD src/usart1.o
LOAD startup/startup_stm32.o
LOAD c:/swstm32/plugins/fr.ac6.mcu.externaltools.arm-none.win32_1.17.0.201812190825/tools/compiler/bin/../lib/gcc/arm-none-eabi/7.3.1/../../../../arm-none-eabi/lib/thumb/v7e-m/fpv4-sp/hard\libm.a
START GROUP
LOAD c:/swstm32/plugins/fr.ac6.mcu.externaltools.arm-none.win32_1.17.0.201812190825/tools/compiler/bin/../lib/gcc/arm-none-eabi/7.3.1/thumb/v7e-m/fpv4-sp/hard\libgcc.a
LOAD c:/swstm32/plugins/fr.ac6.mcu.externaltools.arm-none.win32_1.17.0.201812190825/tools/compiler/bin/../lib/gcc/arm-none-eabi/7.3.1/../../../../arm-none-eabi/lib/thumb/v7e-m/fpv4-sp/hard\libc.a
END GROUP
LOAD c:/swstm32/plugins/fr.ac6.mcu.externaltools.arm-none.win32_1.17.0.201812190825/tools/compiler/bin/../lib/gcc/arm-none-eabi/7.3.1/thumb/v7e-m/fpv4-sp/hard/crtend.o
LOAD c:/swstm32/plugins/fr.ac6.mcu.externaltools.arm-none.win32_1.17.0.201812190825/tools/compiler/bin/../lib/gcc/arm-none-eabi/7.3.1/thumb/v7e-m/fpv4-sp/hard/crtn.o
                0x20030000                _estack = 0x20030000
                0x00000000                _Min_Heap_Size = 0x0
                0x00000400                _Min_Stack_Size = 0x400

.isr_vector     0x08000000      0x1ac
                0x08000000                . = ALIGN (0x4)
 *(.isr_vector)
 .isr_vector    0x08000000      0x1ac startup/startup_stm32.o
                0x08000000                g_pfnVectors
                0x080001ac                . = ALIGN (0x4)

.text           0x080001ac     0x13fc
                0x080001ac                . = ALIGN (0x4)
 *(.text)
 .text          0x080001ac       0x40 c:/swstm32/plugins/fr.ac6.mcu.externaltools.arm-none.win32_1.17.0.201812190825/tools/compiler/bin/../lib/gcc/arm-none-eabi/7.3.1/thumb/v7e-m/fpv4-sp/hard/crtbegin.o
 *(.text*)
 .text.NVIC_Init
                0x080001ec       0xc4 StdPeriph_Driver/src/misc.o
                0x080001ec                NVIC_Init
 .text.SysTick_CLKSourceConfig
                0x080002b0       0x38 StdPeriph_Driver/src/misc.o
                0x080002b0                SysTick_CLKSourceConfig
 .text.FLASH_SetLatency
                0x080002e8       0x20 StdPeriph_Driver/src/stm32f4xx_flash.o
                0x080002e8                FLASH_SetLatency
 .text.FLASH_PrefetchBufferCmd
                0x08000308       0x3c StdPeriph_Driver/src/stm32f4xx_flash.o
                0x08000308                FLASH_PrefetchBufferCmd
 .text.GPIO_DeInit
                0x08000344      0x164 StdPeriph_Driver/src/stm32f4xx_gpio.o
                0x08000344                GPIO_DeInit
 .text.GPIO_Init
                0x080004a8      0x11c StdPeriph_Driver/src/stm32f4xx_gpio.o
                0x080004a8                GPIO_Init
 .text.GPIO_WriteBit
                0x080005c4       0x30 StdPeriph_Driver/src/stm32f4xx_gpio.o
                0x080005c4                GPIO_WriteBit
 .text.GPIO_PinAFConfig
                0x080005f4       0x92 StdPeriph_Driver/src/stm32f4xx_gpio.o
                0x080005f4                GPIO_PinAFConfig
 *fill*         0x08000686        0x2 
 .text.PWR_OverDriveCmd
                0x08000688       0x20 StdPeriph_Driver/src/stm32f4xx_pwr.o
                0x08000688                PWR_OverDriveCmd
 .text.RCC_DeInit
                0x080006a8       0x70 StdPeriph_Driver/src/stm32f4xx_rcc.o
                0x080006a8                RCC_DeInit
 .text.RCC_HSEConfig
                0x08000718       0x28 StdPeriph_Driver/src/stm32f4xx_rcc.o
                0x08000718                RCC_HSEConfig
 .text.RCC_WaitForHSEStartUp
                0x08000740       0x50 StdPeriph_Driver/src/stm32f4xx_rcc.o
                0x08000740                RCC_WaitForHSEStartUp
 .text.RCC_PLLConfig
                0x08000790       0x40 StdPeriph_Driver/src/stm32f4xx_rcc.o
                0x08000790                RCC_PLLConfig
 .text.RCC_PLLCmd
                0x080007d0       0x20 StdPeriph_Driver/src/stm32f4xx_rcc.o
                0x080007d0                RCC_PLLCmd
 .text.RCC_ClockSecuritySystemCmd
                0x080007f0       0x20 StdPeriph_Driver/src/stm32f4xx_rcc.o
                0x080007f0                RCC_ClockSecuritySystemCmd
 .text.RCC_SYSCLKConfig
                0x08000810       0x38 StdPeriph_Driver/src/stm32f4xx_rcc.o
                0x08000810                RCC_SYSCLKConfig
 .text.RCC_GetSYSCLKSource
                0x08000848       0x20 StdPeriph_Driver/src/stm32f4xx_rcc.o
                0x08000848                RCC_GetSYSCLKSource
 .text.RCC_HCLKConfig
                0x08000868       0x38 StdPeriph_Driver/src/stm32f4xx_rcc.o
                0x08000868                RCC_HCLKConfig
 .text.RCC_PCLK1Config
                0x080008a0       0x38 StdPeriph_Driver/src/stm32f4xx_rcc.o
                0x080008a0                RCC_PCLK1Config
 .text.RCC_PCLK2Config
                0x080008d8       0x3c StdPeriph_Driver/src/stm32f4xx_rcc.o
                0x080008d8                RCC_PCLK2Config
 .text.RCC_GetClocksFreq
                0x08000914      0x150 StdPeriph_Driver/src/stm32f4xx_rcc.o
                0x08000914                RCC_GetClocksFreq
 .text.RCC_AHB1PeriphClockCmd
                0x08000a64       0x40 StdPeriph_Driver/src/stm32f4xx_rcc.o
                0x08000a64                RCC_AHB1PeriphClockCmd
 .text.RCC_APB2PeriphClockCmd
                0x08000aa4       0x40 StdPeriph_Driver/src/stm32f4xx_rcc.o
                0x08000aa4                RCC_APB2PeriphClockCmd
 .text.RCC_AHB1PeriphResetCmd
                0x08000ae4       0x40 StdPeriph_Driver/src/stm32f4xx_rcc.o
                0x08000ae4                RCC_AHB1PeriphResetCmd
 .text.RCC_GetFlagStatus
                0x08000b24       0x74 StdPeriph_Driver/src/stm32f4xx_rcc.o
                0x08000b24                RCC_GetFlagStatus
 .text.USART_Init
                0x08000b98      0x174 StdPeriph_Driver/src/stm32f4xx_usart.o
                0x08000b98                USART_Init
 .text.USART_Cmd
                0x08000d0c       0x40 StdPeriph_Driver/src/stm32f4xx_usart.o
                0x08000d0c                USART_Cmd
 .text.USART_SendData
                0x08000d4c       0x24 StdPeriph_Driver/src/stm32f4xx_usart.o
                0x08000d4c                USART_SendData
 .text.USART_ITConfig
                0x08000d70       0x90 StdPeriph_Driver/src/stm32f4xx_usart.o
                0x08000d70                USART_ITConfig
 .text.USART_GetFlagStatus
                0x08000e00       0x38 StdPeriph_Driver/src/stm32f4xx_usart.o
                0x08000e00                USART_GetFlagStatus
 .text.USART_ClearITPendingBit
                0x08000e38       0x3a StdPeriph_Driver/src/stm32f4xx_usart.o
                0x08000e38                USART_ClearITPendingBit
 *fill*         0x08000e72        0x2 
 .text.LEDS_Init
                0x08000e74       0x38 src/LEDS.o
                0x08000e74                LEDS_Init
 .text.NVIC_SetPriority
                0x08000eac       0x54 src/delay.o
 .text.SysTick_Config
                0x08000f00       0x44 src/delay.o
 .text.SysTick_Init
                0x08000f44       0x1c src/delay.o
                0x08000f44                SysTick_Init
 .text.SysTick_Handler
                0x08000f60        0xc src/delay.o
                0x08000f60                SysTick_Handler
 .text.TimeTick_Decrement
                0x08000f6c       0x24 src/delay.o
                0x08000f6c                TimeTick_Decrement
 .text.delay_1ms
                0x08000f90       0x24 src/delay.o
                0x08000f90                delay_1ms
 .text.delay_ms
                0x08000fb4       0x20 src/delay.o
                0x08000fb4                delay_ms
 .text.main     0x08000fd4       0x48 src/main.o
                0x08000fd4                main
 .text.System_Init
                0x0800101c       0x18 src/system.o
                0x0800101c                System_Init
 .text.SysClocks_Init
                0x08001034       0xa8 src/system.o
                0x08001034                SysClocks_Init
 .text.SystemInit
                0x080010dc       0x6c src/system_stm32f4xx.o
                0x080010dc                SystemInit
 .text.SetSysClock
                0x08001148      0x12c src/system_stm32f4xx.o
 .text.USART_puts
                0x08001274       0x46 src/usart.o
                0x08001274                USART_puts
 *fill*         0x080012ba        0x2 
 .text.USART1_Init
                0x080012bc       0xd4 src/usart1.o
                0x080012bc                USART1_Init
 .text.USART1_IRQHandler
                0x08001390       0x48 src/usart1.o
                0x08001390                USART1_IRQHandler
 .text.Reset_Handler
                0x080013d8       0x50 startup/startup_stm32.o
                0x080013d8                Reset_Handler
 .text.Default_Handler
                0x08001428        0x2 startup/startup_stm32.o
                0x08001428                RTC_Alarm_IRQHandler
                0x08001428                HASH_RNG_IRQHandler
                0x08001428                EXTI2_IRQHandler
                0x08001428                TIM8_CC_IRQHandler
                0x08001428                DebugMon_Handler
                0x08001428                UART8_IRQHandler
                0x08001428                SPI4_IRQHandler
                0x08001428                TIM1_CC_IRQHandler
                0x08001428                DMA2_Stream5_IRQHandler
                0x08001428                HardFault_Handler
                0x08001428                DMA1_Stream5_IRQHandler
                0x08001428                PVD_IRQHandler
                0x08001428                SDIO_IRQHandler
                0x08001428                TAMP_STAMP_IRQHandler
                0x08001428                PendSV_Handler
                0x08001428                NMI_Handler
                0x08001428                CAN2_RX1_IRQHandler
                0x08001428                EXTI3_IRQHandler
                0x08001428                TIM8_TRG_COM_TIM14_IRQHandler
                0x08001428                TIM1_UP_TIM10_IRQHandler
                0x08001428                TIM8_UP_TIM13_IRQHandler
                0x08001428                I2C3_ER_IRQHandler
                0x08001428                LCD_TFT_IRQHandler
                0x08001428                EXTI0_IRQHandler
                0x08001428                I2C2_EV_IRQHandler
                0x08001428                DMA1_Stream2_IRQHandler
                0x08001428                CAN1_RX0_IRQHandler
                0x08001428                FPU_IRQHandler
                0x08001428                OTG_HS_WKUP_IRQHandler
                0x08001428                UsageFault_Handler
                0x08001428                CAN2_SCE_IRQHandler
                0x08001428                DMA2_Stream2_IRQHandler
                0x08001428                SPI1_IRQHandler
                0x08001428                TIM6_DAC_IRQHandler
                0x08001428                TIM1_BRK_TIM9_IRQHandler
                0x08001428                DCMI_IRQHandler
                0x08001428                CAN2_RX0_IRQHandler
                0x08001428                DMA2_Stream3_IRQHandler
                0x08001428                USART6_IRQHandler
                0x08001428                USART3_IRQHandler
                0x08001428                CRYP_IRQHandler
                0x08001428                CAN1_RX1_IRQHandler
                0x08001428                UART5_IRQHandler
                0x08001428                DMA2_Stream0_IRQHandler
                0x08001428                TIM4_IRQHandler
                0x08001428                I2C1_EV_IRQHandler
                0x08001428                DMA1_Stream6_IRQHandler
                0x08001428                DMA1_Stream1_IRQHandler
                0x08001428                UART4_IRQHandler
                0x08001428                LCD_TFT_1_IRQHandler
                0x08001428                TIM3_IRQHandler
                0x08001428                RCC_IRQHandler
                0x08001428                TIM8_BRK_TIM12_IRQHandler
                0x08001428                Default_Handler
                0x08001428                EXTI15_10_IRQHandler
                0x08001428                ADC_IRQHandler
                0x08001428                DMA1_Stream7_IRQHandler
                0x08001428                SPI5_IRQHandler
                0x08001428                TIM7_IRQHandler
                0x08001428                CAN2_TX_IRQHandler
                0x08001428                TIM5_IRQHandler
                0x08001428                DMA2_Stream7_IRQHandler
                0x08001428                I2C3_EV_IRQHandler
                0x08001428                EXTI9_5_IRQHandler
                0x08001428                RTC_WKUP_IRQHandler
                0x08001428                ETH_WKUP_IRQHandler
                0x08001428                SPI2_IRQHandler
                0x08001428                OTG_HS_EP1_IN_IRQHandler
                0x08001428                MemManage_Handler
                0x08001428                DMA1_Stream0_IRQHandler
                0x08001428                CAN1_TX_IRQHandler
                0x08001428                SVC_Handler
                0x08001428                EXTI4_IRQHandler
                0x08001428                ETH_IRQHandler
                0x08001428                OTG_HS_EP1_OUT_IRQHandler
                0x08001428                WWDG_IRQHandler
                0x08001428                SPI6_IRQHandler
                0x08001428                TIM2_IRQHandler
                0x08001428                OTG_FS_WKUP_IRQHandler
                0x08001428                TIM1_TRG_COM_TIM11_IRQHandler
                0x08001428                OTG_HS_IRQHandler
                0x08001428                DMA2D_IRQHandler
                0x08001428                EXTI1_IRQHandler
                0x08001428                UART7_IRQHandler
                0x08001428                USART2_IRQHandler
                0x08001428                I2C2_ER_IRQHandler
                0x08001428                DMA2_Stream1_IRQHandler
                0x08001428                CAN1_SCE_IRQHandler
                0x08001428                FLASH_IRQHandler
                0x08001428                DMA2_Stream4_IRQHandler
                0x08001428                BusFault_Handler
                0x08001428                OTG_FS_IRQHandler
                0x08001428                SPI3_IRQHandler
                0x08001428                DMA1_Stream4_IRQHandler
                0x08001428                I2C1_ER_IRQHandler
                0x08001428                FMC_IRQHandler
                0x08001428                DMA2_Stream6_IRQHandler
                0x08001428                SAI1_IRQHandler
                0x08001428                DMA1_Stream3_IRQHandler
 *fill*         0x0800142a        0x2 
 .text.__libc_init_array
                0x0800142c       0x48 c:/swstm32/plugins/fr.ac6.mcu.externaltools.arm-none.win32_1.17.0.201812190825/tools/compiler/bin/../lib/gcc/arm-none-eabi/7.3.1/../../../../arm-none-eabi/lib/thumb/v7e-m/fpv4-sp/hard\libc.a(lib_a-init.o)
                0x0800142c                __libc_init_array
 .text.startup.register_fini
                0x08001474       0x14 c:/swstm32/plugins/fr.ac6.mcu.externaltools.arm-none.win32_1.17.0.201812190825/tools/compiler/bin/../lib/gcc/arm-none-eabi/7.3.1/../../../../arm-none-eabi/lib/thumb/v7e-m/fpv4-sp/hard\libc.a(lib_a-__call_atexit.o)
 .text.atexit   0x08001488        0xc c:/swstm32/plugins/fr.ac6.mcu.externaltools.arm-none.win32_1.17.0.201812190825/tools/compiler/bin/../lib/gcc/arm-none-eabi/7.3.1/../../../../arm-none-eabi/lib/thumb/v7e-m/fpv4-sp/hard\libc.a(lib_a-atexit.o)
                0x08001488                atexit
 .text.__libc_fini_array
                0x08001494       0x34 c:/swstm32/plugins/fr.ac6.mcu.externaltools.arm-none.win32_1.17.0.201812190825/tools/compiler/bin/../lib/gcc/arm-none-eabi/7.3.1/../../../../arm-none-eabi/lib/thumb/v7e-m/fpv4-sp/hard\libc.a(lib_a-fini.o)
                0x08001494                __libc_fini_array
 .text.__retarget_lock_acquire_recursive
                0x080014c8        0x4 c:/swstm32/plugins/fr.ac6.mcu.externaltools.arm-none.win32_1.17.0.201812190825/tools/compiler/bin/../lib/gcc/arm-none-eabi/7.3.1/../../../../arm-none-eabi/lib/thumb/v7e-m/fpv4-sp/hard\libc.a(lib_a-lock.o)
                0x080014c8                __retarget_lock_acquire_recursive
 .text.__retarget_lock_release_recursive
                0x080014cc        0x4 c:/swstm32/plugins/fr.ac6.mcu.externaltools.arm-none.win32_1.17.0.201812190825/tools/compiler/bin/../lib/gcc/arm-none-eabi/7.3.1/../../../../arm-none-eabi/lib/thumb/v7e-m/fpv4-sp/hard\libc.a(lib_a-lock.o)
                0x080014cc                __retarget_lock_release_recursive
 .text.__register_exitproc
                0x080014d0       0xc0 c:/swstm32/plugins/fr.ac6.mcu.externaltools.arm-none.win32_1.17.0.201812190825/tools/compiler/bin/../lib/gcc/arm-none-eabi/7.3.1/../../../../arm-none-eabi/lib/thumb/v7e-m/fpv4-sp/hard\libc.a(lib_a-__atexit.o)
                0x080014d0                __register_exitproc
 *(.glue_7)
 .glue_7        0x08001590        0x0 linker stubs
 *(.glue_7t)
 .glue_7t       0x08001590        0x0 linker stubs
 *(.eh_frame)
 .eh_frame      0x08001590        0x0 c:/swstm32/plugins/fr.ac6.mcu.externaltools.arm-none.win32_1.17.0.201812190825/tools/compiler/bin/../lib/gcc/arm-none-eabi/7.3.1/thumb/v7e-m/fpv4-sp/hard/crtbegin.o
 *(.init)
 .init          0x08001590        0x4 c:/swstm32/plugins/fr.ac6.mcu.externaltools.arm-none.win32_1.17.0.201812190825/tools/compiler/bin/../lib/gcc/arm-none-eabi/7.3.1/thumb/v7e-m/fpv4-sp/hard/crti.o
                0x08001590                _init
 .init          0x08001594        0x8 c:/swstm32/plugins/fr.ac6.mcu.externaltools.arm-none.win32_1.17.0.201812190825/tools/compiler/bin/../lib/gcc/arm-none-eabi/7.3.1/thumb/v7e-m/fpv4-sp/hard/crtn.o
 *(.fini)
 .fini          0x0800159c        0x4 c:/swstm32/plugins/fr.ac6.mcu.externaltools.arm-none.win32_1.17.0.201812190825/tools/compiler/bin/../lib/gcc/arm-none-eabi/7.3.1/thumb/v7e-m/fpv4-sp/hard/crti.o
                0x0800159c                _fini
 .fini          0x080015a0        0x8 c:/swstm32/plugins/fr.ac6.mcu.externaltools.arm-none.win32_1.17.0.201812190825/tools/compiler/bin/../lib/gcc/arm-none-eabi/7.3.1/thumb/v7e-m/fpv4-sp/hard/crtn.o
                0x080015a8                . = ALIGN (0x4)
                0x080015a8                _etext = .

.vfp11_veneer   0x080015a8        0x0
 .vfp11_veneer  0x080015a8        0x0 linker stubs

.v4_bx          0x080015a8        0x0
 .v4_bx         0x080015a8        0x0 linker stubs

.iplt           0x080015a8        0x0
 .iplt          0x080015a8        0x0 c:/swstm32/plugins/fr.ac6.mcu.externaltools.arm-none.win32_1.17.0.201812190825/tools/compiler/bin/../lib/gcc/arm-none-eabi/7.3.1/thumb/v7e-m/fpv4-sp/hard/crtbegin.o

.rodata         0x080015a8        0xc
                0x080015a8                . = ALIGN (0x4)
 *(.rodata)
 .rodata        0x080015a8        0x7 src/main.o
 *(.rodata*)
 *fill*         0x080015af        0x1 
 .rodata._global_impure_ptr
                0x080015b0        0x4 c:/swstm32/plugins/fr.ac6.mcu.externaltools.arm-none.win32_1.17.0.201812190825/tools/compiler/bin/../lib/gcc/arm-none-eabi/7.3.1/../../../../arm-none-eabi/lib/thumb/v7e-m/fpv4-sp/hard\libc.a(lib_a-impure.o)
                0x080015b0                _global_impure_ptr
                0x080015b4                . = ALIGN (0x4)

.rel.dyn        0x080015b4        0x0
 .rel.iplt      0x080015b4        0x0 c:/swstm32/plugins/fr.ac6.mcu.externaltools.arm-none.win32_1.17.0.201812190825/tools/compiler/bin/../lib/gcc/arm-none-eabi/7.3.1/thumb/v7e-m/fpv4-sp/hard/crtbegin.o

.ARM.extab      0x080015b4        0x0
                0x080015b4                . = ALIGN (0x4)
 *(.ARM.extab* .gnu.linkonce.armextab.*)
                0x080015b4                . = ALIGN (0x4)

.ARM            0x080015b4        0x0
                0x080015b4                . = ALIGN (0x4)
                0x080015b4                __exidx_start = .
 *(.ARM.exidx*)
                0x080015b4                __exidx_end = .
                0x080015b4                . = ALIGN (0x4)

.preinit_array  0x080015b4        0x0
                0x080015b4                . = ALIGN (0x4)
                0x080015b4                PROVIDE (__preinit_array_start = .)
 *(.preinit_array*)
                0x080015b4                PROVIDE (__preinit_array_end = .)
                0x080015b4                . = ALIGN (0x4)

.init_array     0x080015b4        0x8
                0x080015b4                . = ALIGN (0x4)
                0x080015b4                PROVIDE (__init_array_start = .)
 *(SORT_BY_NAME(.init_array.*))
 .init_array.00000
                0x080015b4        0x4 c:/swstm32/plugins/fr.ac6.mcu.externaltools.arm-none.win32_1.17.0.201812190825/tools/compiler/bin/../lib/gcc/arm-none-eabi/7.3.1/../../../../arm-none-eabi/lib/thumb/v7e-m/fpv4-sp/hard\libc.a(lib_a-__call_atexit.o)
 *(.init_array*)
 .init_array    0x080015b8        0x4 c:/swstm32/plugins/fr.ac6.mcu.externaltools.arm-none.win32_1.17.0.201812190825/tools/compiler/bin/../lib/gcc/arm-none-eabi/7.3.1/thumb/v7e-m/fpv4-sp/hard/crtbegin.o
                0x080015bc                PROVIDE (__init_array_end = .)
                0x080015bc                . = ALIGN (0x4)

.fini_array     0x080015bc        0x4
                0x080015bc                . = ALIGN (0x4)
                0x080015bc                PROVIDE (__fini_array_start = .)
 *(SORT_BY_NAME(.fini_array.*))
 *(.fini_array*)
 .fini_array    0x080015bc        0x4 c:/swstm32/plugins/fr.ac6.mcu.externaltools.arm-none.win32_1.17.0.201812190825/tools/compiler/bin/../lib/gcc/arm-none-eabi/7.3.1/thumb/v7e-m/fpv4-sp/hard/crtbegin.o
                0x080015c0                PROVIDE (__fini_array_end = .)
                0x080015c0                . = ALIGN (0x4)
                0x080015c0                _sidata = LOADADDR (.data)

.data           0x20000000      0x43c load address 0x080015c0
                0x20000000                . = ALIGN (0x4)
                0x20000000                _sdata = .
 *(.data)
 .data          0x20000000       0x10 StdPeriph_Driver/src/stm32f4xx_rcc.o
 *(.data*)
 .data.impure_data
                0x20000010      0x428 c:/swstm32/plugins/fr.ac6.mcu.externaltools.arm-none.win32_1.17.0.201812190825/tools/compiler/bin/../lib/gcc/arm-none-eabi/7.3.1/../../../../arm-none-eabi/lib/thumb/v7e-m/fpv4-sp/hard\libc.a(lib_a-impure.o)
 .data.__atexit_recursive_mutex
                0x20000438        0x4 c:/swstm32/plugins/fr.ac6.mcu.externaltools.arm-none.win32_1.17.0.201812190825/tools/compiler/bin/../lib/gcc/arm-none-eabi/7.3.1/../../../../arm-none-eabi/lib/thumb/v7e-m/fpv4-sp/hard\libc.a(lib_a-__call_atexit.o)
                0x20000438                __atexit_recursive_mutex
                0x2000043c                . = ALIGN (0x4)
                0x2000043c                _edata = .

.igot.plt       0x2000043c        0x0 load address 0x080019fc
 .igot.plt      0x2000043c        0x0 c:/swstm32/plugins/fr.ac6.mcu.externaltools.arm-none.win32_1.17.0.201812190825/tools/compiler/bin/../lib/gcc/arm-none-eabi/7.3.1/thumb/v7e-m/fpv4-sp/hard/crtbegin.o
                0x2000043c                . = ALIGN (0x4)

.bss            0x2000043c       0x44 load address 0x080019fc
                0x2000043c                _sbss = .
                0x2000043c                __bss_start__ = _sbss
 *(.bss)
 .bss           0x2000043c       0x1c c:/swstm32/plugins/fr.ac6.mcu.externaltools.arm-none.win32_1.17.0.201812190825/tools/compiler/bin/../lib/gcc/arm-none-eabi/7.3.1/thumb/v7e-m/fpv4-sp/hard/crtbegin.o
 .bss           0x20000458        0x4 src/delay.o
 *(.bss*)
 *(COMMON)
 COMMON         0x2000045c       0x21 c:/swstm32/plugins/fr.ac6.mcu.externaltools.arm-none.win32_1.17.0.201812190825/tools/compiler/bin/../lib/gcc/arm-none-eabi/7.3.1/../../../../arm-none-eabi/lib/thumb/v7e-m/fpv4-sp/hard\libc.a(lib_a-lock.o)
                0x2000045c                __lock___atexit_recursive_mutex
                0x20000460                __lock___arc4random_mutex
                0x20000464                __lock___env_recursive_mutex
                0x20000468                __lock___sinit_recursive_mutex
                0x2000046c                __lock___malloc_recursive_mutex
                0x20000470                __lock___at_quick_exit_mutex
                0x20000474                __lock___dd_hash_mutex
                0x20000478                __lock___tz_mutex
                0x2000047c                __lock___sfp_recursive_mutex
                0x20000480                . = ALIGN (0x4)
 *fill*         0x2000047d        0x3 
                0x20000480                _ebss = .
                0x20000480                __bss_end__ = _ebss

._user_heap_stack
                0x20000480      0x400 load address 0x080019fc
                0x20000480                . = ALIGN (0x8)
                0x20000480                PROVIDE (end = .)
                [!provide]                PROVIDE (_end = .)
                0x20000480                . = (. + _Min_Heap_Size)
                0x20000880                . = (. + _Min_Stack_Size)
 *fill*         0x20000480      0x400 
                0x20000880                . = ALIGN (0x8)

/DISCARD/
 libc.a(*)
 libm.a(*)
 libgcc.a(*)

.ARM.attributes
                0x00000000       0x30
 *(.ARM.attributes)
 .ARM.attributes
                0x00000000       0x22 c:/swstm32/plugins/fr.ac6.mcu.externaltools.arm-none.win32_1.17.0.201812190825/tools/compiler/bin/../lib/gcc/arm-none-eabi/7.3.1/thumb/v7e-m/fpv4-sp/hard/crti.o
 .ARM.attributes
                0x00000022       0x34 c:/swstm32/plugins/fr.ac6.mcu.externaltools.arm-none.win32_1.17.0.201812190825/tools/compiler/bin/../lib/gcc/arm-none-eabi/7.3.1/thumb/v7e-m/fpv4-sp/hard/crtbegin.o
 .ARM.attributes
                0x00000056       0x39 StdPeriph_Driver/src/misc.o
 .ARM.attributes
                0x0000008f       0x39 StdPeriph_Driver/src/stm32f4xx_flash.o
 .ARM.attributes
                0x000000c8       0x39 StdPeriph_Driver/src/stm32f4xx_gpio.o
 .ARM.attributes
                0x00000101       0x39 StdPeriph_Driver/src/stm32f4xx_pwr.o
 .ARM.attributes
                0x0000013a       0x39 StdPeriph_Driver/src/stm32f4xx_rcc.o
 .ARM.attributes
                0x00000173       0x39 StdPeriph_Driver/src/stm32f4xx_usart.o
 .ARM.attributes
                0x000001ac       0x39 src/LEDS.o
 .ARM.attributes
                0x000001e5       0x39 src/delay.o
 .ARM.attributes
                0x0000021e       0x39 src/main.o
 .ARM.attributes
                0x00000257       0x39 src/system.o
 .ARM.attributes
                0x00000290       0x39 src/system_stm32f4xx.o
 .ARM.attributes
                0x000002c9       0x39 src/usart.o
 .ARM.attributes
                0x00000302       0x39 src/usart1.o
 .ARM.attributes
                0x0000033b       0x21 startup/startup_stm32.o
 .ARM.attributes
                0x0000035c       0x34 c:/swstm32/plugins/fr.ac6.mcu.externaltools.arm-none.win32_1.17.0.201812190825/tools/compiler/bin/../lib/gcc/arm-none-eabi/7.3.1/../../../../arm-none-eabi/lib/thumb/v7e-m/fpv4-sp/hard\libc.a(lib_a-impure.o)
 .ARM.attributes
                0x00000390       0x34 c:/swstm32/plugins/fr.ac6.mcu.externaltools.arm-none.win32_1.17.0.201812190825/tools/compiler/bin/../lib/gcc/arm-none-eabi/7.3.1/../../../../arm-none-eabi/lib/thumb/v7e-m/fpv4-sp/hard\libc.a(lib_a-init.o)
 .ARM.attributes
                0x000003c4       0x34 c:/swstm32/plugins/fr.ac6.mcu.externaltools.arm-none.win32_1.17.0.201812190825/tools/compiler/bin/../lib/gcc/arm-none-eabi/7.3.1/../../../../arm-none-eabi/lib/thumb/v7e-m/fpv4-sp/hard\libc.a(lib_a-__call_atexit.o)
 .ARM.attributes
                0x000003f8       0x34 c:/swstm32/plugins/fr.ac6.mcu.externaltools.arm-none.win32_1.17.0.201812190825/tools/compiler/bin/../lib/gcc/arm-none-eabi/7.3.1/../../../../arm-none-eabi/lib/thumb/v7e-m/fpv4-sp/hard\libc.a(lib_a-atexit.o)
 .ARM.attributes
                0x0000042c       0x34 c:/swstm32/plugins/fr.ac6.mcu.externaltools.arm-none.win32_1.17.0.201812190825/tools/compiler/bin/../lib/gcc/arm-none-eabi/7.3.1/../../../../arm-none-eabi/lib/thumb/v7e-m/fpv4-sp/hard\libc.a(lib_a-fini.o)
 .ARM.attributes
                0x00000460       0x34 c:/swstm32/plugins/fr.ac6.mcu.externaltools.arm-none.win32_1.17.0.201812190825/tools/compiler/bin/../lib/gcc/arm-none-eabi/7.3.1/../../../../arm-none-eabi/lib/thumb/v7e-m/fpv4-sp/hard\libc.a(lib_a-lock.o)
 .ARM.attributes
                0x00000494       0x34 c:/swstm32/plugins/fr.ac6.mcu.externaltools.arm-none.win32_1.17.0.201812190825/tools/compiler/bin/../lib/gcc/arm-none-eabi/7.3.1/../../../../arm-none-eabi/lib/thumb/v7e-m/fpv4-sp/hard\libc.a(lib_a-__atexit.o)
 .ARM.attributes
                0x000004c8       0x22 c:/swstm32/plugins/fr.ac6.mcu.externaltools.arm-none.win32_1.17.0.201812190825/tools/compiler/bin/../lib/gcc/arm-none-eabi/7.3.1/thumb/v7e-m/fpv4-sp/hard/crtn.o
OUTPUT(stm32f429-disc1-template.elf elf32-littlearm)

.debug_info     0x00000000     0x50e8
 .debug_info    0x00000000      0x54b StdPeriph_Driver/src/misc.o
 .debug_info    0x0000054b      0x947 StdPeriph_Driver/src/stm32f4xx_flash.o
 .debug_info    0x00000e92      0x62b StdPeriph_Driver/src/stm32f4xx_gpio.o
 .debug_info    0x000014bd      0x646 StdPeriph_Driver/src/stm32f4xx_pwr.o
 .debug_info    0x00001b03      0xe76 StdPeriph_Driver/src/stm32f4xx_rcc.o
 .debug_info    0x00002979      0x9d4 StdPeriph_Driver/src/stm32f4xx_usart.o
 .debug_info    0x0000334d      0x2a7 src/LEDS.o
 .debug_info    0x000035f4      0x748 src/delay.o
 .debug_info    0x00003d3c      0x2a7 src/main.o
 .debug_info    0x00003fe3      0x1b2 src/system.o
 .debug_info    0x00004195      0x612 src/system_stm32f4xx.o
 .debug_info    0x000047a7      0x202 src/usart.o
 .debug_info    0x000049a9      0x71d src/usart1.o
 .debug_info    0x000050c6       0x22 startup/startup_stm32.o

.debug_abbrev   0x00000000     0x127f
 .debug_abbrev  0x00000000      0x177 StdPeriph_Driver/src/misc.o
 .debug_abbrev  0x00000177      0x1a3 StdPeriph_Driver/src/stm32f4xx_flash.o
 .debug_abbrev  0x0000031a      0x1bf StdPeriph_Driver/src/stm32f4xx_gpio.o
 .debug_abbrev  0x000004d9      0x199 StdPeriph_Driver/src/stm32f4xx_pwr.o
 .debug_abbrev  0x00000672      0x1d4 StdPeriph_Driver/src/stm32f4xx_rcc.o
 .debug_abbrev  0x00000846      0x187 StdPeriph_Driver/src/stm32f4xx_usart.o
 .debug_abbrev  0x000009cd      0x10a src/LEDS.o
 .debug_abbrev  0x00000ad7      0x1ce src/delay.o
 .debug_abbrev  0x00000ca5      0x113 src/main.o
 .debug_abbrev  0x00000db8       0xf0 src/system.o
 .debug_abbrev  0x00000ea8      0x15d src/system_stm32f4xx.o
 .debug_abbrev  0x00001005       0xff src/usart.o
 .debug_abbrev  0x00001104      0x169 src/usart1.o
 .debug_abbrev  0x0000126d       0x12 startup/startup_stm32.o

.debug_aranges  0x00000000      0x6e8
 .debug_aranges
                0x00000000       0x40 StdPeriph_Driver/src/misc.o
 .debug_aranges
                0x00000040      0x158 StdPeriph_Driver/src/stm32f4xx_flash.o
 .debug_aranges
                0x00000198       0x88 StdPeriph_Driver/src/stm32f4xx_gpio.o
 .debug_aranges
                0x00000220       0xa8 StdPeriph_Driver/src/stm32f4xx_pwr.o
 .debug_aranges
                0x000002c8      0x1c0 StdPeriph_Driver/src/stm32f4xx_rcc.o
 .debug_aranges
                0x00000488      0x100 StdPeriph_Driver/src/stm32f4xx_usart.o
 .debug_aranges
                0x00000588       0x20 src/LEDS.o
 .debug_aranges
                0x000005a8       0x58 src/delay.o
 .debug_aranges
                0x00000600       0x20 src/main.o
 .debug_aranges
                0x00000620       0x28 src/system.o
 .debug_aranges
                0x00000648       0x30 src/system_stm32f4xx.o
 .debug_aranges
                0x00000678       0x20 src/usart.o
 .debug_aranges
                0x00000698       0x28 src/usart1.o
 .debug_aranges
                0x000006c0       0x28 startup/startup_stm32.o

.debug_ranges   0x00000000      0x610
 .debug_ranges  0x00000000       0x30 StdPeriph_Driver/src/misc.o
 .debug_ranges  0x00000030      0x148 StdPeriph_Driver/src/stm32f4xx_flash.o
 .debug_ranges  0x00000178       0x78 StdPeriph_Driver/src/stm32f4xx_gpio.o
 .debug_ranges  0x000001f0       0x98 StdPeriph_Driver/src/stm32f4xx_pwr.o
 .debug_ranges  0x00000288      0x1b0 StdPeriph_Driver/src/stm32f4xx_rcc.o
 .debug_ranges  0x00000438       0xf0 StdPeriph_Driver/src/stm32f4xx_usart.o
 .debug_ranges  0x00000528       0x10 src/LEDS.o
 .debug_ranges  0x00000538       0x48 src/delay.o
 .debug_ranges  0x00000580       0x10 src/main.o
 .debug_ranges  0x00000590       0x18 src/system.o
 .debug_ranges  0x000005a8       0x20 src/system_stm32f4xx.o
 .debug_ranges  0x000005c8       0x10 src/usart.o
 .debug_ranges  0x000005d8       0x18 src/usart1.o
 .debug_ranges  0x000005f0       0x20 startup/startup_stm32.o

.debug_macro    0x00000000    0x11c0c
 .debug_macro   0x00000000      0x1d9 StdPeriph_Driver/src/misc.o
 .debug_macro   0x000001d9      0xa6c StdPeriph_Driver/src/misc.o
 .debug_macro   0x00000c45       0x65 StdPeriph_Driver/src/misc.o
 .debug_macro   0x00000caa       0x3b StdPeriph_Driver/src/misc.o
 .debug_macro   0x00000ce5       0x22 StdPeriph_Driver/src/misc.o
 .debug_macro   0x00000d07       0x8e StdPeriph_Driver/src/misc.o
 .debug_macro   0x00000d95       0x51 StdPeriph_Driver/src/misc.o
 .debug_macro   0x00000de6       0xef StdPeriph_Driver/src/misc.o
 .debug_macro   0x00000ed5       0x6a StdPeriph_Driver/src/misc.o
 .debug_macro   0x00000f3f      0x1df StdPeriph_Driver/src/misc.o
 .debug_macro   0x0000111e       0x34 StdPeriph_Driver/src/misc.o
 .debug_macro   0x00001152       0x26 StdPeriph_Driver/src/misc.o
 .debug_macro   0x00001178      0xe43 StdPeriph_Driver/src/misc.o
 .debug_macro   0x00001fbb     0x961b StdPeriph_Driver/src/misc.o
 .debug_macro   0x0000b5d6      0x44f StdPeriph_Driver/src/misc.o
 .debug_macro   0x0000ba25       0xb2 StdPeriph_Driver/src/misc.o
 .debug_macro   0x0000bad7      0x477 StdPeriph_Driver/src/misc.o
 .debug_macro   0x0000bf4e       0xb5 StdPeriph_Driver/src/misc.o
 .debug_macro   0x0000c003      0x41c StdPeriph_Driver/src/misc.o
 .debug_macro   0x0000c41f      0x2fb StdPeriph_Driver/src/misc.o
 .debug_macro   0x0000c71a      0x2ba StdPeriph_Driver/src/misc.o
 .debug_macro   0x0000c9d4       0x64 StdPeriph_Driver/src/misc.o
 .debug_macro   0x0000ca38       0xee StdPeriph_Driver/src/misc.o
 .debug_macro   0x0000cb26      0x65f StdPeriph_Driver/src/misc.o
 .debug_macro   0x0000d185      0x59e StdPeriph_Driver/src/misc.o
 .debug_macro   0x0000d723      0x342 StdPeriph_Driver/src/misc.o
 .debug_macro   0x0000da65      0x36c StdPeriph_Driver/src/misc.o
 .debug_macro   0x0000ddd1      0x114 StdPeriph_Driver/src/misc.o
 .debug_macro   0x0000dee5      0x73b StdPeriph_Driver/src/misc.o
 .debug_macro   0x0000e620      0x223 StdPeriph_Driver/src/misc.o
 .debug_macro   0x0000e843       0x34 StdPeriph_Driver/src/misc.o
 .debug_macro   0x0000e877      0x144 StdPeriph_Driver/src/misc.o
 .debug_macro   0x0000e9bb       0xc3 StdPeriph_Driver/src/misc.o
 .debug_macro   0x0000ea7e       0x40 StdPeriph_Driver/src/misc.o
 .debug_macro   0x0000eabe      0x3cf StdPeriph_Driver/src/misc.o
 .debug_macro   0x0000ee8d      0x188 StdPeriph_Driver/src/misc.o
 .debug_macro   0x0000f015      0x149 StdPeriph_Driver/src/misc.o
 .debug_macro   0x0000f15e      0x21e StdPeriph_Driver/src/misc.o
 .debug_macro   0x0000f37c      0x23a StdPeriph_Driver/src/misc.o
 .debug_macro   0x0000f5b6      0x359 StdPeriph_Driver/src/misc.o
 .debug_macro   0x0000f90f       0x35 StdPeriph_Driver/src/misc.o
 .debug_macro   0x0000f944       0x7c StdPeriph_Driver/src/misc.o
 .debug_macro   0x0000f9c0      0x1d9 StdPeriph_Driver/src/stm32f4xx_flash.o
 .debug_macro   0x0000fb99      0x416 StdPeriph_Driver/src/stm32f4xx_flash.o
 .debug_macro   0x0000ffaf      0x1d7 StdPeriph_Driver/src/stm32f4xx_gpio.o
 .debug_macro   0x00010186      0x2f5 StdPeriph_Driver/src/stm32f4xx_gpio.o
 .debug_macro   0x0001047b      0x276 StdPeriph_Driver/src/stm32f4xx_pwr.o
 .debug_macro   0x000106f1       0xe8 StdPeriph_Driver/src/stm32f4xx_pwr.o
 .debug_macro   0x000107d9      0x2a6 StdPeriph_Driver/src/stm32f4xx_rcc.o
 .debug_macro   0x00010a7f      0x1ef StdPeriph_Driver/src/stm32f4xx_usart.o
 .debug_macro   0x00010c6e      0x21d StdPeriph_Driver/src/stm32f4xx_usart.o
 .debug_macro   0x00010e8b      0x1dc src/LEDS.o
 .debug_macro   0x00011067       0x1c src/LEDS.o
 .debug_macro   0x00011083      0x1d3 src/delay.o
 .debug_macro   0x00011256      0x1d7 src/main.o
 .debug_macro   0x0001142d      0x216 src/system.o
 .debug_macro   0x00011643      0x1ed src/system_stm32f4xx.o
 .debug_macro   0x00011830      0x1e9 src/usart.o
 .debug_macro   0x00011a19      0x1f3 src/usart1.o

.debug_line     0x00000000     0x628a
 .debug_line    0x00000000      0x699 StdPeriph_Driver/src/misc.o
 .debug_line    0x00000699      0x9bf StdPeriph_Driver/src/stm32f4xx_flash.o
 .debug_line    0x00001058      0x7bf StdPeriph_Driver/src/stm32f4xx_gpio.o
 .debug_line    0x00001817      0x7c6 StdPeriph_Driver/src/stm32f4xx_pwr.o
 .debug_line    0x00001fdd      0xab3 StdPeriph_Driver/src/stm32f4xx_rcc.o
 .debug_line    0x00002a90      0x905 StdPeriph_Driver/src/stm32f4xx_usart.o
 .debug_line    0x00003395      0x636 src/LEDS.o
 .debug_line    0x000039cb      0x6df src/delay.o
 .debug_line    0x000040aa      0x64f src/main.o
 .debug_line    0x000046f9      0x6ee src/system.o
 .debug_line    0x00004de7      0x6c4 src/system_stm32f4xx.o
 .debug_line    0x000054ab      0x697 src/usart.o
 .debug_line    0x00005b42      0x6cc src/usart1.o
 .debug_line    0x0000620e       0x7c startup/startup_stm32.o

.debug_str      0x00000000    0x66cd6
 .debug_str     0x00000000    0x64431 StdPeriph_Driver/src/misc.o
                              0x64630 (size before relaxing)
 .debug_str     0x00064431      0x4ef StdPeriph_Driver/src/stm32f4xx_flash.o
                              0x648fa (size before relaxing)
 .debug_str     0x00064920      0x2b6 StdPeriph_Driver/src/stm32f4xx_gpio.o
                              0x646d8 (size before relaxing)
 .debug_str     0x00064bd6      0x656 StdPeriph_Driver/src/stm32f4xx_pwr.o
                              0x64a9e (size before relaxing)
 .debug_str     0x0006522c      0xd6d StdPeriph_Driver/src/stm32f4xx_rcc.o
                              0x651ed (size before relaxing)
 .debug_str     0x00065f99      0x53a StdPeriph_Driver/src/stm32f4xx_usart.o
                              0x649eb (size before relaxing)
 .debug_str     0x000664d3       0x6c src/LEDS.o
                              0x64597 (size before relaxing)
 .debug_str     0x0006653f      0x601 src/delay.o
                              0x64a8a (size before relaxing)
 .debug_str     0x00066b40       0x29 src/main.o
                              0x6447f (size before relaxing)
 .debug_str     0x00066b69       0x6a src/system.o
                              0x644f7 (size before relaxing)
 .debug_str     0x00066bd3       0x97 src/system_stm32f4xx.o
                              0x6462a (size before relaxing)
 .debug_str     0x00066c6a       0x15 src/usart.o
                              0x64444 (size before relaxing)
 .debug_str     0x00066c7f       0x2e src/usart1.o
                              0x64c6a (size before relaxing)
 .debug_str     0x00066cad       0x29 startup/startup_stm32.o
                                 0x73 (size before relaxing)

.comment        0x00000000       0x7f
 .comment       0x00000000       0x7f StdPeriph_Driver/src/misc.o
                                 0x80 (size before relaxing)
 .comment       0x0000007f       0x80 StdPeriph_Driver/src/stm32f4xx_flash.o
 .comment       0x0000007f       0x80 StdPeriph_Driver/src/stm32f4xx_gpio.o
 .comment       0x0000007f       0x80 StdPeriph_Driver/src/stm32f4xx_pwr.o
 .comment       0x0000007f       0x80 StdPeriph_Driver/src/stm32f4xx_rcc.o
 .comment       0x0000007f       0x80 StdPeriph_Driver/src/stm32f4xx_usart.o
 .comment       0x0000007f       0x80 src/LEDS.o
 .comment       0x0000007f       0x80 src/delay.o
 .comment       0x0000007f       0x80 src/main.o
 .comment       0x0000007f       0x80 src/system.o
 .comment       0x0000007f       0x80 src/system_stm32f4xx.o
 .comment       0x0000007f       0x80 src/usart.o
 .comment       0x0000007f       0x80 src/usart1.o

.debug_frame    0x00000000     0x1cfc
 .debug_frame   0x00000000       0xd8 StdPeriph_Driver/src/misc.o
 .debug_frame   0x000000d8      0x5b4 StdPeriph_Driver/src/stm32f4xx_flash.o
 .debug_frame   0x0000068c      0x23c StdPeriph_Driver/src/stm32f4xx_gpio.o
 .debug_frame   0x000008c8      0x2cc StdPeriph_Driver/src/stm32f4xx_pwr.o
 .debug_frame   0x00000b94      0x83c StdPeriph_Driver/src/stm32f4xx_rcc.o
 .debug_frame   0x000013d0      0x490 StdPeriph_Driver/src/stm32f4xx_usart.o
 .debug_frame   0x00001860       0x34 src/LEDS.o
 .debug_frame   0x00001894      0x120 src/delay.o
 .debug_frame   0x000019b4       0x2c src/main.o
 .debug_frame   0x000019e0       0x54 src/system.o
 .debug_frame   0x00001a34       0x7c src/system_stm32f4xx.o
 .debug_frame   0x00001ab0       0x34 src/usart.o
 .debug_frame   0x00001ae4       0x58 src/usart1.o
 .debug_frame   0x00001b3c       0x2c c:/swstm32/plugins/fr.ac6.mcu.externaltools.arm-none.win32_1.17.0.201812190825/tools/compiler/bin/../lib/gcc/arm-none-eabi/7.3.1/../../../../arm-none-eabi/lib/thumb/v7e-m/fpv4-sp/hard\libc.a(lib_a-init.o)
 .debug_frame   0x00001b68       0x5c c:/swstm32/plugins/fr.ac6.mcu.externaltools.arm-none.win32_1.17.0.201812190825/tools/compiler/bin/../lib/gcc/arm-none-eabi/7.3.1/../../../../arm-none-eabi/lib/thumb/v7e-m/fpv4-sp/hard\libc.a(lib_a-__call_atexit.o)
 .debug_frame   0x00001bc4       0x20 c:/swstm32/plugins/fr.ac6.mcu.externaltools.arm-none.win32_1.17.0.201812190825/tools/compiler/bin/../lib/gcc/arm-none-eabi/7.3.1/../../../../arm-none-eabi/lib/thumb/v7e-m/fpv4-sp/hard\libc.a(lib_a-atexit.o)
 .debug_frame   0x00001be4       0x34 c:/swstm32/plugins/fr.ac6.mcu.externaltools.arm-none.win32_1.17.0.201812190825/tools/compiler/bin/../lib/gcc/arm-none-eabi/7.3.1/../../../../arm-none-eabi/lib/thumb/v7e-m/fpv4-sp/hard\libc.a(lib_a-fini.o)
 .debug_frame   0x00001c18       0xb0 c:/swstm32/plugins/fr.ac6.mcu.externaltools.arm-none.win32_1.17.0.201812190825/tools/compiler/bin/../lib/gcc/arm-none-eabi/7.3.1/../../../../arm-none-eabi/lib/thumb/v7e-m/fpv4-sp/hard\libc.a(lib_a-lock.o)
 .debug_frame   0x00001cc8       0x34 c:/swstm32/plugins/fr.ac6.mcu.externaltools.arm-none.win32_1.17.0.201812190825/tools/compiler/bin/../lib/gcc/arm-none-eabi/7.3.1/../../../../arm-none-eabi/lib/thumb/v7e-m/fpv4-sp/hard\libc.a(lib_a-__atexit.o)
